// Jest Snapshot v1, https://goo.gl/fbAQLP

exports[`Testing Calculator Testing component with snapshot 1`] = `
<section>
  <h2>
    Let's do some math
  </h2>
  <div
    className="calculator-grid-container"
  >
    <div
      className="result"
    >
      <div
        className="number"
      >
        
    0
      </div>
    </div>
    <button
      id="clear"
      onClick={[Function]}
      type="button"
    >
      AC
    </button>
    <button
      id="clear"
      onClick={[Function]}
      type="button"
    >
      +/-
    </button>
    <button
      id="clear"
      onClick={[Function]}
      type="button"
    >
      %
    </button>
    <button
      className="orange-color"
      onClick={[Function]}
      type="button"
    >
      รท
    </button>
    <button
      onClick={[Function]}
      type="button"
    >
      7
    </button>
    <button
      onClick={[Function]}
      type="button"
    >
      8
    </button>
    <button
      onClick={[Function]}
      type="button"
    >
      9
    </button>
    <button
      className="orange-color"
      onClick={[Function]}
      type="button"
    >
      x
    </button>
    <button
      onClick={[Function]}
      type="button"
    >
      4
    </button>
    <button
      onClick={[Function]}
      type="button"
    >
      5
    </button>
    <button
      onClick={[Function]}
      type="button"
    >
      6
    </button>
    <button
      className="orange-color"
      onClick={[Function]}
      type="button"
    >
      -
    </button>
    <button
      onClick={[Function]}
      type="button"
    >
      1
    </button>
    <button
      onClick={[Function]}
      type="button"
    >
      2
    </button>
    <button
      onClick={[Function]}
      type="button"
    >
      3
    </button>
    <button
      className="orange-color"
      onClick={[Function]}
      type="button"
    >
      +
    </button>
    <button
      className="span-two"
      onClick={[Function]}
      type="button"
    >
      0
    </button>
    <button
      name="."
      onClick={[Function]}
    >
      .
    </button>
    <button
      className="orange-color"
      onClick={[Function]}
      type="button"
    >
      =
    </button>
  </div>
</section>
`;
