// Jest Snapshot v1, https://goo.gl/fbAQLP

exports[`Test Display function  1`] = `[Function]`;
