// Jest Snapshot v1, https://goo.gl/fbAQLP

exports[`Test Function Butoons Test Function Button component 1`] = `
<button
  id="clear"
  onClick={[MockFunction]}
  type="button"
>
  Chris
</button>
`;
