// Jest Snapshot v1, https://goo.gl/fbAQLP

exports[`Test Operation button component 1`] = `
<button
  className="orange-color"
  onClick={[MockFunction]}
  type="button"
>
  Chris
</button>
`;
